
> backend@0.0.1 start
> nest start

[32m[Nest] 24088  - [39m04/04/2026, 5:20:37 pm [32m    LOG[39m [38;5;3m[Bootstrap] [39m[32m???? Nest application bootstrapping...[39m
[32m[Nest] 24088  - [39m04/04/2026, 5:20:37 pm [32m    LOG[39m [38;5;3m[NestFactory] [39m[32mStarting Nest application...[39m[38;5;3m +382ms[39m
node.exe : [31m[Nest] 
24088  - [39m04/04/2026, 
5:20:37 pm [31m  
ERROR[39m [38;5;3m[Excep
tionHandler] [39mError: 
Config validation error: 
"DATABASE_URL" is 
required. "REDIS_HOST" is 
required. "REDIS_URL" is 
required. 
"JWT_ACCESS_SECRET" is 
required. 
"JWT_REFRESH_SECRET" is 
required
At line:1 char:1
+ & "C:\Program 
Files\nodejs/node.exe" 
"C:\Program 
Files\nodejs/node_mo ...
+ ~~~~~~~~~~~~~~~~~~~~~~~~
~~~~~~~~~~~~~~~~~~~~~~~~~~
~~~~~~~~~~~~~~~~~~~
    + CategoryInfo        
      : NotSpecified: (  
  [31m[Nest] 240...ET"    
 is required:String) [    
], RemoteException
    + FullyQualifiedError 
   Id : NativeCommandErr  
  or
 
    at 
ConfigModule.forRoot [90m
(E:\otras-full-project-mai
n\otras-full-project-main\
backend\[39mnode_modules\
[4m@nestjs[24m\config\di
st\config.module.js:96:23
[90m)[39m
    at Object.<anonymous> 
[90m(E:\otras-full-projec
t-main\otras-full-project-
main\backend\[39msrc\app.
module.ts:48:18[90m)[39m
[90m    at 
Module._compile (node:inte
rnal/modules/cjs/loader:17
06:14)[39m
[90m    at Object..js (no
de:internal/modules/cjs/lo
ader:1839:10)[39m
[90m    at Module.load (n
ode:internal/modules/cjs/l
oader:1441:32)[39m
[90m    at 
Function._load (node:inter
nal/modules/cjs/loader:126
3:12)[39m
[90m    at 
TracingChannel.traceSync (
node:diagnostics_channel:3
22:14)[39m
[90m    at 
wrapModuleLoad (node:inter
nal/modules/cjs/loader:237
:24)[39m
[90m    at 
Module.require (node:inter
nal/modules/cjs/loader:146
3:12)[39m
[90m    at require (node:
internal/modules/helpers:1
47:16)[39m
