Triggering Tier-1 Readiness Test...
Success: {
  "tier1": {
    "unlocked": true,
    "completed": false,
    "progress": 7
  },
  "tier2": {
    "unlocked": false,
    "completed": false,
    "progress": 0,
    "subscriptionRequired": false
  },
  "tier3": {
    "unlocked": false,
    "completed": false,
    "progress": 0,
    "subscriptionRequired": false
  },
  "percentile": 3.33,
  "readinessIndex": 34,
  "logicalScore": 0.5,
  "quantScore": 0,
  "verbalScore": 0,
  "feedback": {
    "id": "b4de1984-c9e5-4fb4-8103-6fd16ea7fbe8",
    "profileId": "518f9bec-d780-40f0-9cfa-40e4d6ab4d78",
    "tier": 1,
    "logicalFoundation": "Your logical score of **0.5** indicates foundational reasoning ability but lacks the depth required for competitive exams like CAT, GATE, or UPSC. This baseline suggests you can grasp basic patterns but need structured practice in analytical puzzles (e.g., seating arrangements, syllogisms) and timed drills to reach the 70+ percentile threshold for Tier-1 exams. Start with 30-minute daily sessions on platforms like *UnacademyΓÇÖs Logic Builder* or *OLiveboardΓÇÖs LRDI modules* to bridge this gap.",
    "subjectDepth": "A **quantitative score of 0** and **verbal score of 0** reveal critical subject-matter gaps that must be addressed urgently. For quant, prioritize arithmetic (percentages, ratios) and algebra via *NCERT Class 10-12 textbooks* before advancing to *R.S. AggarwalΓÇÖs Quantitative Aptitude*. For verbal, begin with vocabulary-building (30 words/day via *MagooshΓÇÖs GRE wordlist*) and basic grammar rules (*Wren & Martin*). Aim for 1-hour dedicated subject practice daily, alternating between quant and verbal.",
    "readinessInsight": "With a **3.33 percentile**, your current readiness is below the minimum benchmark for most Indian competitive exams (e.g., even SSC CGL requires ~30th percentile). However, this is a *starting point*, not a limitation. The next 3 months are critical: **1)** Take a diagnostic mock (e.g., *BYJUΓÇÖS Free CAT Mock*) to identify weak areas, **2)** Enroll in a structured crash course (e.g., *VedantuΓÇÖs 90-Day Foundation Batch*), and **3)** Track weekly progress with mini-tests. Remember, a **0.5 logical score** proves you have untapped potentialΓÇöconsistency will convert it into results.",
    "subjectStrength": null,
    "weakAreas": null,
    "preparationAdvice": null,
    "accuracyInsight": null,
    "speedInsight": null,
    "consistencyInsight": null,
    "createdAt": "2026-03-16T05:00:34.592Z"
  }
}
