Triggering Tier-1 Readiness Test...
Success: {
  "tier1": {
    "unlocked": true,
    "completed": false,
    "progress": 7
  },
  "tier2": {
    "unlocked": false,
    "completed": false,
    "progress": 0,
    "subscriptionRequired": false
  },
  "tier3": {
    "unlocked": false,
    "completed": false,
    "progress": 0,
    "subscriptionRequired": false
  },
  "percentile": 3.333333333333333,
  "readinessIndex": 0,
  "logicalScore": 0.5,
  "quantScore": 0,
  "verbalScore": 0,
  "feedback": {
    "id": "b4de1984-c9e5-4fb4-8103-6fd16ea7fbe8",
    "profileId": "518f9bec-d780-40f0-9cfa-40e4d6ab4d78",
    "tier": 1,
    "logicalFoundation": "Your logical score of **0.5** indicates foundational reasoning ability but lacks the depth required for competitive exams like CAT, GATE, or SSC CGL. This baseline suggests you can grasp basic patterns but need structured practice in puzzles, seating arrangements, and syllogisms to reach the 70+ percentile threshold. Start with RS AggarwalΓÇÖs *Logical Reasoning* (Beginner Section) for 30 mins dailyΓÇötrack errors to identify weak spots like coding-decoding or blood relations.",
    "subjectDepth": "The **Quant (0) and Verbal (0) scores** reveal critical gaps in core exam areasΓÇöthis isnΓÇÖt just low performance, but a complete absence of tested preparation. For quant, prioritize arithmetic (percentages, ratios) and algebra via NCERT Class 10 books before advancing to RD Sharma. For verbal, begin with *Word Power Made Easy* for vocabulary and *The Hindu* editorials (3/day) to build comprehension. Without addressing these, even Tier-2 exams like Bank PO will remain out of reach.",
    "readinessInsight": "A **3.33 percentile** places you in the bottom 5% of test-takers, signaling urgent need for a 90-day reset. This isnΓÇÖt about talentΓÇöitΓÇÖs about *systematic exposure*. Allocate 2 hours daily: 40% logical (apps like *Logical Reasoning Pro*), 30% quant (YouTube: *WifiStudy Maths*), 30% verbal (memrise for words). Re-test in 3 months; aim for **20+ percentile** as a realistic first milestone. Remember: Toppers like AIR-1 GATE candidates often started with scores like yoursΓÇöconsistency beats initial performance.",
    "subjectStrength": null,
    "weakAreas": null,
    "preparationAdvice": null,
    "accuracyInsight": null,
    "speedInsight": null,
    "consistencyInsight": null,
    "createdAt": "2026-03-16T05:00:34.592Z"
  }
}
